Copyright 1986-2022 Xilinx, Inc. All Rights Reserved. Copyright 2022-2025 Advanced Micro Devices, Inc. All Rights Reserved.
---------------------------------------------------------------------------------------------------------------------------------------------
| Tool Version : Vivado v.2025.1 (win64) Build 6140274 Thu May 22 00:12:29 MDT 2025
| Date         : Sat Apr  4 18:27:27 2026
| Host         : Tim-Workstation running 64-bit major release  (build 9200)
| Command      : report_control_sets -verbose -file top_control_sets_placed.rpt
| Design       : top
| Device       : xc7s25
---------------------------------------------------------------------------------------------------------------------------------------------

Control Set Information

Table of Contents
-----------------
1. Summary
2. Histogram
3. Flip-Flop Distribution
4. Detailed Control Set Information

1. Summary
----------

+----------------------------------------------------------+-------+
|                          Status                          | Count |
+----------------------------------------------------------+-------+
| Total control sets                                       |    12 |
|    Minimum number of control sets                        |    12 |
|    Addition due to synthesis replication                 |     0 |
|    Addition due to physical synthesis replication        |     0 |
| Unused register locations in slices containing registers |    32 |
+----------------------------------------------------------+-------+
* Control sets can be merged at opt_design using control_set_merge or merge_equivalent_drivers
** Run report_qor_suggestions for automated merging and remapping suggestions


2. Histogram
------------

+--------------------+-------+
|       Fanout       | Count |
+--------------------+-------+
| Total control sets |    12 |
| >= 0 to < 4        |     0 |
| >= 4 to < 6        |     1 |
| >= 6 to < 8        |     2 |
| >= 8 to < 10       |     1 |
| >= 10 to < 12      |     1 |
| >= 12 to < 14      |     1 |
| >= 14 to < 16      |     0 |
| >= 16              |     6 |
+--------------------+-------+
* Control sets can be remapped at either synth_design or opt_design


3. Flip-Flop Distribution
-------------------------

+--------------+-----------------------+------------------------+-----------------+--------------+
| Clock Enable | Synchronous Set/Reset | Asynchronous Set/Reset | Total Registers | Total Slices |
+--------------+-----------------------+------------------------+-----------------+--------------+
| No           | No                    | No                     |              17 |            8 |
| No           | No                    | Yes                    |               0 |            0 |
| No           | Yes                   | No                     |              13 |            3 |
| Yes          | No                    | No                     |             105 |           29 |
| Yes          | No                    | Yes                    |               0 |            0 |
| Yes          | Yes                   | No                     |             321 |           67 |
+--------------+-----------------------+------------------------+-----------------+--------------+


4. Detailed Control Set Information
-----------------------------------

+-------------------------------------+------------------------------------+------------------------+------------------+----------------+--------------+
|             Clock Signal            |            Enable Signal           |    Set/Reset Signal    | Slice Load Count | Bel Load Count | Bels / Slice |
+-------------------------------------+------------------------------------+------------------------+------------------+----------------+--------------+
|  u_clock_wizard/inst/clk_out_125MHz | u_uart_rx/index                    |                        |                1 |              4 |         4.00 |
|  u_clock_wizard/inst/clk_out_125MHz |                                    | pp_rst                 |                1 |              6 |         6.00 |
|  u_clock_wizard/inst/clk_out_125MHz |                                    | u_uart_rx/tick_count0  |                2 |              7 |         3.50 |
|  u_clock_wizard/inst/clk_out_125MHz | u_uart_rx/r_data                   |                        |                2 |              8 |         4.00 |
|  u_clock_wizard/inst/clk_out_125MHz | u_RAM_2Port/trig_sync_reg          | u_ppc/addr[11]_i_1_n_0 |                3 |             11 |         3.67 |
|  u_clock_wizard/inst/clk_out_125MHz | u_inst_shift_reg/E[0]              |                        |                4 |             12 |         3.00 |
|  u_clock_wizard/inst/clk_out_125MHz | u_ppc/count_stack_vec[15]_i_1_n_0  | u_ppc/count_stack_vec  |                8 |             16 |         2.00 |
|  u_clock_wizard/inst/clk_out_125MHz |                                    |                        |                8 |             17 |         2.12 |
|  u_clock_wizard/inst/clk_out_125MHz | u_RAM_2Port/E[0]                   | u_ppc/stack_ptr        |               10 |             32 |         3.20 |
|  u_clock_wizard/inst/clk_out_125MHz | u_inst_shift_reg/r_o_DV_reg_3[0]   | init_reg_n_0           |               15 |             54 |         3.60 |
|  u_clock_wizard/inst/clk_out_125MHz | u_uart_rx/uart_rx_done             |                        |               22 |             83 |         3.77 |
|  u_clock_wizard/inst/clk_out_125MHz | u_ppc/count_stack_vec[127]_i_2_n_0 | u_ppc/count_stack_vec  |               31 |            208 |         6.71 |
+-------------------------------------+------------------------------------+------------------------+------------------+----------------+--------------+


